// Jest Snapshot v1, https://goo.gl/fbAQLP

exports[`<BoardContainer /> should render correctly 1`] = `
<div
  className="sc-AxmLO iQoDvo"
>
  <div
    className="sc-Axmtr bFEGpo"
  >
    <div
      className="sc-AxheI fwUCIC"
    >
      <div
        className="sc-AxjAm hQvQLG"
      />
    </div>
    <div
      className="sc-AxheI fwUCIC"
    >
      <div
        className="sc-AxjAm hQvQLG"
      />
    </div>
    <div
      className="sc-AxheI fwUCIC"
    >
      <div
        className="sc-AxjAm hQvQLG"
      />
    </div>
    <div
      className="sc-AxheI fwUCIC"
    >
      <div
        className="sc-AxjAm hQvQLG"
      />
    </div>
    <div
      className="sc-AxheI fUKIku"
    >
      <div
        className="sc-AxjAm hTpnSM"
      >
        <div
          className="sc-AxirZ LYUtQ"
        />
        <div
          className="sc-AxiKw iOnKrh"
        />
        <div
          className="sc-AxhCb xeSXY"
        />
        <div
          className="sc-AxhUy gYjcNl"
        />
        <div
          className="sc-AxgMl dZJlDE"
        />
      </div>
    </div>
    <div
      className="sc-AxheI fwUCIC"
    >
      <div
        className="sc-AxjAm hQvQLG"
      />
    </div>
    <div
      className="sc-AxheI fwUCIC"
    >
      <div
        className="sc-AxjAm hQvQLG"
      />
    </div>
    <div
      className="sc-AxheI fwUCIC"
    >
      <div
        className="sc-AxjAm hQvQLG"
      />
    </div>
    <div
      className="sc-AxheI fwUCIC"
    >
      <div
        className="sc-AxjAm hQvQLG"
      />
    </div>
    <div
      className="sc-AxheI fwUCIC"
    >
      <div
        className="sc-AxjAm hQvQLG"
      />
    </div>
    <div
      className="sc-AxheI fwUCIC"
    >
      <div
        className="sc-AxjAm hQvQLG"
      />
    </div>
    <div
      className="sc-AxheI fwUCIC"
    >
      <div
        className="sc-AxjAm hQvQLG"
      />
    </div>
    <div
      className="sc-AxheI fwUCIC"
    >
      <div
        className="sc-AxjAm hQvQLG"
      />
    </div>
    <div
      className="sc-AxheI fwUCIC"
    >
      <div
        className="sc-AxjAm hQvQLG"
      />
    </div>
    <div
      className="sc-AxheI fUKIku"
    >
      <div
        className="sc-AxjAm hTpnSM"
      >
        <div
          className="sc-AxirZ LYUtQ"
        />
        <div
          className="sc-AxiKw iOnKrh"
        />
        <div
          className="sc-AxhCb xeSXY"
        />
        <div
          className="sc-AxhUy gYjcNl"
        />
        <div
          className="sc-AxgMl dZJlDE"
        />
      </div>
    </div>
    <div
      className="sc-AxheI fwUCIC"
    >
      <div
        className="sc-AxjAm hQvQLG"
      />
    </div>
    <div
      className="sc-AxheI fwUCIC"
    >
      <div
        className="sc-AxjAm hQvQLG"
      />
    </div>
    <div
      className="sc-AxheI fwUCIC"
    >
      <div
        className="sc-AxjAm hQvQLG"
      />
    </div>
    <div
      className="sc-AxheI fwUCIC"
    >
      <div
        className="sc-AxjAm hQvQLG"
      />
    </div>
    <div
      className="sc-AxheI fwUCIC"
    >
      <div
        className="sc-AxjAm hQvQLG"
      />
    </div>
    <div
      className="sc-AxheI fwUCIC"
    >
      <div
        className="sc-AxjAm hQvQLG"
      />
    </div>
    <div
      className="sc-AxheI fwUCIC"
    >
      <div
        className="sc-AxjAm hQvQLG"
      />
    </div>
    <div
      className="sc-AxheI fwUCIC"
    >
      <div
        className="sc-AxjAm hQvQLG"
      />
    </div>
    <div
      className="sc-AxheI fwUCIC"
    >
      <div
        className="sc-AxjAm hQvQLG"
      />
    </div>
    <div
      className="sc-AxheI fUKIku"
    >
      <div
        className="sc-AxjAm hTpnSM"
      >
        <div
          className="sc-AxirZ LYUtQ"
        />
        <div
          className="sc-AxiKw iOnKrh"
        />
        <div
          className="sc-AxhCb xeSXY"
        />
        <div
          className="sc-AxhUy gYjcNl"
        />
        <div
          className="sc-AxgMl dZJlDE"
        />
      </div>
    </div>
    <div
      className="sc-AxheI fwUCIC"
    >
      <div
        className="sc-AxjAm hQvQLG"
      />
    </div>
    <div
      className="sc-AxheI fwUCIC"
    >
      <div
        className="sc-AxjAm hQvQLG"
      />
    </div>
    <div
      className="sc-AxheI fwUCIC"
    >
      <div
        className="sc-AxjAm hQvQLG"
      />
    </div>
    <div
      className="sc-AxheI fwUCIC"
    >
      <div
        className="sc-AxjAm hQvQLG"
      />
    </div>
    <div
      className="sc-AxheI fwUCIC"
    >
      <div
        className="sc-AxjAm hQvQLG"
      />
    </div>
    <div
      className="sc-AxheI fwUCIC"
    >
      <div
        className="sc-AxjAm hQvQLG"
      />
    </div>
    <div
      className="sc-AxheI fwUCIC"
    >
      <div
        className="sc-AxjAm hQvQLG"
      />
    </div>
    <div
      className="sc-AxheI fwUCIC"
    >
      <div
        className="sc-AxjAm hQvQLG"
      />
    </div>
    <div
      className="sc-AxheI fwUCIC"
    >
      <div
        className="sc-AxjAm hQvQLG"
      />
    </div>
    <div
      className="sc-AxheI fUKIku"
    >
      <div
        className="sc-AxjAm hTpnSM"
      >
        <div
          className="sc-AxirZ LYUtQ"
        />
        <div
          className="sc-AxiKw iOnKrh"
        />
        <div
          className="sc-AxhCb xeSXY"
        />
        <div
          className="sc-AxhUy gYjcNl"
        />
        <div
          className="sc-AxgMl dZJlDE"
        />
      </div>
    </div>
    <div
      className="sc-AxheI fwUCIC"
    >
      <div
        className="sc-AxjAm hQvQLG"
      />
    </div>
    <div
      className="sc-AxheI fwUCIC"
    >
      <div
        className="sc-AxjAm hQvQLG"
      />
    </div>
    <div
      className="sc-AxheI fwUCIC"
    >
      <div
        className="sc-AxjAm hQvQLG"
      />
    </div>
    <div
      className="sc-AxheI fwUCIC"
    >
      <div
        className="sc-AxjAm hQvQLG"
      />
    </div>
    <div
      className="sc-AxheI fwUCIC"
    >
      <div
        className="sc-AxjAm hQvQLG"
      />
    </div>
    <div
      className="sc-AxheI fwUCIC"
    >
      <div
        className="sc-AxjAm hQvQLG"
      />
    </div>
    <div
      className="sc-AxheI fwUCIC"
    >
      <div
        className="sc-AxjAm hQvQLG"
      />
    </div>
    <div
      className="sc-AxheI fwUCIC"
    >
      <div
        className="sc-AxjAm hQvQLG"
      />
    </div>
    <div
      className="sc-AxheI fwUCIC"
    >
      <div
        className="sc-AxjAm hQvQLG"
      />
    </div>
    <div
      className="sc-AxheI fwUCIC"
    >
      <div
        className="sc-AxjAm hQvQLG"
      />
    </div>
    <div
      className="sc-AxheI fwUCIC"
    >
      <div
        className="sc-AxjAm hQvQLG"
      />
    </div>
    <div
      className="sc-AxheI fwUCIC"
    >
      <div
        className="sc-AxjAm hQvQLG"
      />
    </div>
    <div
      className="sc-AxheI fwUCIC"
    >
      <div
        className="sc-AxjAm hQvQLG"
      />
    </div>
    <div
      className="sc-AxheI fwUCIC"
    >
      <div
        className="sc-AxjAm hQvQLG"
      />
    </div>
    <div
      className="sc-AxheI fwUCIC"
    >
      <div
        className="sc-AxjAm hQvQLG"
      />
    </div>
    <div
      className="sc-AxheI fwUCIC"
    >
      <div
        className="sc-AxjAm hQvQLG"
      />
    </div>
    <div
      className="sc-AxheI fwUCIC"
    >
      <div
        className="sc-AxjAm hQvQLG"
      />
    </div>
    <div
      className="sc-AxheI fwUCIC"
    >
      <div
        className="sc-AxjAm hQvQLG"
      />
    </div>
    <div
      className="sc-AxheI fwUCIC"
    >
      <div
        className="sc-AxjAm hQvQLG"
      />
    </div>
    <div
      className="sc-AxheI fwUCIC"
    >
      <div
        className="sc-AxjAm hQvQLG"
      />
    </div>
    <div
      className="sc-AxheI fwUCIC"
    >
      <div
        className="sc-AxjAm hQvQLG"
      />
    </div>
    <div
      className="sc-AxheI fwUCIC"
    >
      <div
        className="sc-AxjAm hQvQLG"
      />
    </div>
    <div
      className="sc-AxheI fwUCIC"
    >
      <div
        className="sc-AxjAm hQvQLG"
      />
    </div>
    <div
      className="sc-AxheI fwUCIC"
    >
      <div
        className="sc-AxjAm hQvQLG"
      />
    </div>
    <div
      className="sc-AxheI fwUCIC"
    >
      <div
        className="sc-AxjAm hQvQLG"
      />
    </div>
    <div
      className="sc-AxheI fwUCIC"
    >
      <div
        className="sc-AxjAm hQvQLG"
      />
    </div>
    <div
      className="sc-AxheI fwUCIC"
    >
      <div
        className="sc-AxjAm hQvQLG"
      />
    </div>
    <div
      className="sc-AxheI fwUCIC"
    >
      <div
        className="sc-AxjAm hQvQLG"
      />
    </div>
    <div
      className="sc-AxheI fwUCIC"
    >
      <div
        className="sc-AxjAm hQvQLG"
      />
    </div>
    <div
      className="sc-AxheI fwUCIC"
    >
      <div
        className="sc-AxjAm hQvQLG"
      />
    </div>
    <div
      className="sc-AxheI fwUCIC"
    >
      <div
        className="sc-AxjAm hQvQLG"
      />
    </div>
    <div
      className="sc-AxheI fwUCIC"
    >
      <div
        className="sc-AxjAm hQvQLG"
      />
    </div>
    <div
      className="sc-AxheI fwUCIC"
    >
      <div
        className="sc-AxjAm hQvQLG"
      />
    </div>
    <div
      className="sc-AxheI fwUCIC"
    >
      <div
        className="sc-AxjAm hQvQLG"
      />
    </div>
    <div
      className="sc-AxheI fwUCIC"
    >
      <div
        className="sc-AxjAm hQvQLG"
      />
    </div>
    <div
      className="sc-AxheI fwUCIC"
    >
      <div
        className="sc-AxjAm hQvQLG"
      />
    </div>
    <div
      className="sc-AxheI fwUCIC"
    >
      <div
        className="sc-AxjAm hQvQLG"
      />
    </div>
    <div
      className="sc-AxheI fwUCIC"
    >
      <div
        className="sc-AxjAm hQvQLG"
      />
    </div>
    <div
      className="sc-AxheI fwUCIC"
    >
      <div
        className="sc-AxjAm hQvQLG"
      />
    </div>
    <div
      className="sc-AxheI fwUCIC"
    >
      <div
        className="sc-AxjAm hQvQLG"
      />
    </div>
    <div
      className="sc-AxheI fwUCIC"
    >
      <div
        className="sc-AxjAm hQvQLG"
      />
    </div>
    <div
      className="sc-AxheI fwUCIC"
    >
      <div
        className="sc-AxjAm hQvQLG"
      />
    </div>
    <div
      className="sc-AxheI fwUCIC"
    >
      <div
        className="sc-AxjAm hQvQLG"
      />
    </div>
    <div
      className="sc-AxheI fwUCIC"
    >
      <div
        className="sc-AxjAm hQvQLG"
      />
    </div>
    <div
      className="sc-AxheI fwUCIC"
    >
      <div
        className="sc-AxjAm hQvQLG"
      />
    </div>
    <div
      className="sc-AxheI fwUCIC"
    >
      <div
        className="sc-AxjAm hQvQLG"
      />
    </div>
    <div
      className="sc-AxheI fwUCIC"
    >
      <div
        className="sc-AxjAm hQvQLG"
      />
    </div>
    <div
      className="sc-AxheI fwUCIC"
    >
      <div
        className="sc-AxjAm hQvQLG"
      />
    </div>
    <div
      className="sc-AxheI fwUCIC"
    >
      <div
        className="sc-AxjAm hQvQLG"
      />
    </div>
    <div
      className="sc-AxheI fwUCIC"
    >
      <div
        className="sc-AxjAm hQvQLG"
      />
    </div>
    <div
      className="sc-AxheI fwUCIC"
    >
      <div
        className="sc-AxjAm hQvQLG"
      />
    </div>
    <div
      className="sc-AxheI fwUCIC"
    >
      <div
        className="sc-AxjAm hQvQLG"
      />
    </div>
    <div
      className="sc-AxheI fwUCIC"
    >
      <div
        className="sc-AxjAm hQvQLG"
      />
    </div>
    <div
      className="sc-AxheI fwUCIC"
    >
      <div
        className="sc-AxjAm hQvQLG"
      />
    </div>
    <div
      className="sc-AxheI fwUCIC"
    >
      <div
        className="sc-AxjAm hQvQLG"
      />
    </div>
    <div
      className="sc-AxheI fwUCIC"
    >
      <div
        className="sc-AxjAm hQvQLG"
      />
    </div>
    <div
      className="sc-AxheI fwUCIC"
    >
      <div
        className="sc-AxjAm hQvQLG"
      />
    </div>
    <div
      className="sc-AxheI fwUCIC"
    >
      <div
        className="sc-AxjAm hQvQLG"
      />
    </div>
    <div
      className="sc-AxheI fwUCIC"
    >
      <div
        className="sc-AxjAm hQvQLG"
      />
    </div>
    <div
      className="sc-AxheI fwUCIC"
    >
      <div
        className="sc-AxjAm hQvQLG"
      />
    </div>
    <div
      className="sc-AxheI fwUCIC"
    >
      <div
        className="sc-AxjAm hQvQLG"
      />
    </div>
    <div
      className="sc-AxheI fwUCIC"
    >
      <div
        className="sc-AxjAm hQvQLG"
      />
    </div>
    <div
      className="sc-AxheI fwUCIC"
    >
      <div
        className="sc-AxjAm hQvQLG"
      />
    </div>
    <div
      className="sc-AxheI fwUCIC"
    >
      <div
        className="sc-AxjAm hQvQLG"
      />
    </div>
    <div
      className="sc-AxheI fwUCIC"
    >
      <div
        className="sc-AxjAm hQvQLG"
      />
    </div>
    <div
      className="sc-AxheI fwUCIC"
    >
      <div
        className="sc-AxjAm hQvQLG"
      />
    </div>
    <div
      className="sc-AxheI fwUCIC"
    >
      <div
        className="sc-AxjAm hQvQLG"
      />
    </div>
    <div
      className="sc-AxheI fwUCIC"
    >
      <div
        className="sc-AxjAm hQvQLG"
      />
    </div>
    <div
      className="sc-AxheI fwUCIC"
    >
      <div
        className="sc-AxjAm hQvQLG"
      />
    </div>
    <div
      className="sc-AxheI fwUCIC"
    >
      <div
        className="sc-AxjAm hQvQLG"
      />
    </div>
    <div
      className="sc-AxheI fwUCIC"
    >
      <div
        className="sc-AxjAm hQvQLG"
      />
    </div>
    <div
      className="sc-AxheI fwUCIC"
    >
      <div
        className="sc-AxjAm hQvQLG"
      />
    </div>
    <div
      className="sc-AxheI fwUCIC"
    >
      <div
        className="sc-AxjAm hQvQLG"
      />
    </div>
    <div
      className="sc-AxheI fwUCIC"
    >
      <div
        className="sc-AxjAm hQvQLG"
      />
    </div>
    <div
      className="sc-AxheI fwUCIC"
    >
      <div
        className="sc-AxjAm hQvQLG"
      />
    </div>
    <div
      className="sc-AxheI fwUCIC"
    >
      <div
        className="sc-AxjAm hQvQLG"
      />
    </div>
    <div
      className="sc-AxheI fwUCIC"
    >
      <div
        className="sc-AxjAm hQvQLG"
      />
    </div>
    <div
      className="sc-AxheI fwUCIC"
    >
      <div
        className="sc-AxjAm hQvQLG"
      />
    </div>
    <div
      className="sc-AxheI fwUCIC"
    >
      <div
        className="sc-AxjAm hQvQLG"
      />
    </div>
    <div
      className="sc-AxheI fwUCIC"
    >
      <div
        className="sc-AxjAm hQvQLG"
      />
    </div>
    <div
      className="sc-AxheI fwUCIC"
    >
      <div
        className="sc-AxjAm hQvQLG"
      />
    </div>
    <div
      className="sc-AxheI fwUCIC"
    >
      <div
        className="sc-AxjAm hQvQLG"
      />
    </div>
    <div
      className="sc-AxheI fwUCIC"
    >
      <div
        className="sc-AxjAm hQvQLG"
      />
    </div>
    <div
      className="sc-AxheI fwUCIC"
    >
      <div
        className="sc-AxjAm hQvQLG"
      />
    </div>
    <div
      className="sc-AxheI fwUCIC"
    >
      <div
        className="sc-AxjAm hQvQLG"
      />
    </div>
    <div
      className="sc-AxheI fwUCIC"
    >
      <div
        className="sc-AxjAm hQvQLG"
      />
    </div>
    <div
      className="sc-AxheI fwUCIC"
    >
      <div
        className="sc-AxjAm hQvQLG"
      />
    </div>
    <div
      className="sc-AxheI fwUCIC"
    >
      <div
        className="sc-AxjAm hQvQLG"
      />
    </div>
    <div
      className="sc-AxheI fwUCIC"
    >
      <div
        className="sc-AxjAm hQvQLG"
      />
    </div>
    <div
      className="sc-AxheI fwUCIC"
    >
      <div
        className="sc-AxjAm hQvQLG"
      />
    </div>
    <div
      className="sc-AxheI fwUCIC"
    >
      <div
        className="sc-AxjAm hQvQLG"
      />
    </div>
    <div
      className="sc-AxheI fwUCIC"
    >
      <div
        className="sc-AxjAm hQvQLG"
      />
    </div>
    <div
      className="sc-AxheI fwUCIC"
    >
      <div
        className="sc-AxjAm hQvQLG"
      />
    </div>
    <div
      className="sc-AxheI fwUCIC"
    >
      <div
        className="sc-AxjAm hQvQLG"
      />
    </div>
    <div
      className="sc-AxheI fwUCIC"
    >
      <div
        className="sc-AxjAm hQvQLG"
      />
    </div>
    <div
      className="sc-AxheI fwUCIC"
    >
      <div
        className="sc-AxjAm hQvQLG"
      />
    </div>
    <div
      className="sc-AxheI fwUCIC"
    >
      <div
        className="sc-AxjAm hQvQLG"
      />
    </div>
    <div
      className="sc-AxheI fwUCIC"
    >
      <div
        className="sc-AxjAm hQvQLG"
      />
    </div>
    <div
      className="sc-AxheI fwUCIC"
    >
      <div
        className="sc-AxjAm hQvQLG"
      />
    </div>
    <div
      className="sc-AxheI fwUCIC"
    >
      <div
        className="sc-AxjAm hQvQLG"
      />
    </div>
    <div
      className="sc-AxheI fwUCIC"
    >
      <div
        className="sc-AxjAm hQvQLG"
      />
    </div>
    <div
      className="sc-AxheI fwUCIC"
    >
      <div
        className="sc-AxjAm hQvQLG"
      />
    </div>
    <div
      className="sc-AxheI fwUCIC"
    >
      <div
        className="sc-AxjAm hQvQLG"
      />
    </div>
    <div
      className="sc-AxheI fwUCIC"
    >
      <div
        className="sc-AxjAm hQvQLG"
      />
    </div>
    <div
      className="sc-AxheI fwUCIC"
    >
      <div
        className="sc-AxjAm hQvQLG"
      />
    </div>
    <div
      className="sc-AxheI fwUCIC"
    >
      <div
        className="sc-AxjAm hQvQLG"
      />
    </div>
    <div
      className="sc-AxheI fwUCIC"
    >
      <div
        className="sc-AxjAm hQvQLG"
      />
    </div>
    <div
      className="sc-AxheI fwUCIC"
    >
      <div
        className="sc-AxjAm hQvQLG"
      />
    </div>
    <div
      className="sc-AxheI fwUCIC"
    >
      <div
        className="sc-AxjAm hQvQLG"
      />
    </div>
    <div
      className="sc-AxheI fwUCIC"
    >
      <div
        className="sc-AxjAm hQvQLG"
      />
    </div>
    <div
      className="sc-AxheI fwUCIC"
    >
      <div
        className="sc-AxjAm hQvQLG"
      />
    </div>
    <div
      className="sc-AxheI fwUCIC"
    >
      <div
        className="sc-AxjAm hQvQLG"
      />
    </div>
    <div
      className="sc-AxheI fwUCIC"
    >
      <div
        className="sc-AxjAm hQvQLG"
      />
    </div>
    <div
      className="sc-AxheI fwUCIC"
    >
      <div
        className="sc-AxjAm hQvQLG"
      />
    </div>
    <div
      className="sc-AxheI fwUCIC"
    >
      <div
        className="sc-AxjAm hQvQLG"
      />
    </div>
    <div
      className="sc-AxheI fwUCIC"
    >
      <div
        className="sc-AxjAm hQvQLG"
      />
    </div>
    <div
      className="sc-AxheI fwUCIC"
    >
      <div
        className="sc-AxjAm hQvQLG"
      />
    </div>
    <div
      className="sc-AxheI fwUCIC"
    >
      <div
        className="sc-AxjAm hQvQLG"
      />
    </div>
    <div
      className="sc-AxheI fwUCIC"
    >
      <div
        className="sc-AxjAm hQvQLG"
      />
    </div>
    <div
      className="sc-AxheI fwUCIC"
    >
      <div
        className="sc-AxjAm hQvQLG"
      />
    </div>
    <div
      className="sc-AxheI fwUCIC"
    >
      <div
        className="sc-AxjAm hQvQLG"
      />
    </div>
    <div
      className="sc-AxheI fwUCIC"
    >
      <div
        className="sc-AxjAm hQvQLG"
      />
    </div>
    <div
      className="sc-AxheI fwUCIC"
    >
      <div
        className="sc-AxjAm hQvQLG"
      />
    </div>
    <div
      className="sc-AxheI fwUCIC"
    >
      <div
        className="sc-AxjAm hQvQLG"
      />
    </div>
    <div
      className="sc-AxheI fwUCIC"
    >
      <div
        className="sc-AxjAm hQvQLG"
      />
    </div>
    <div
      className="sc-AxheI fwUCIC"
    >
      <div
        className="sc-AxjAm hQvQLG"
      />
    </div>
    <div
      className="sc-AxheI fwUCIC"
    >
      <div
        className="sc-AxjAm hQvQLG"
      />
    </div>
    <div
      className="sc-AxheI fwUCIC"
    >
      <div
        className="sc-AxjAm hQvQLG"
      />
    </div>
    <div
      className="sc-AxheI fwUCIC"
    >
      <div
        className="sc-AxjAm hQvQLG"
      />
    </div>
    <div
      className="sc-AxheI fwUCIC"
    >
      <div
        className="sc-AxjAm hQvQLG"
      />
    </div>
    <div
      className="sc-AxheI fwUCIC"
    >
      <div
        className="sc-AxjAm hQvQLG"
      />
    </div>
    <div
      className="sc-AxheI fwUCIC"
    >
      <div
        className="sc-AxjAm hQvQLG"
      />
    </div>
    <div
      className="sc-AxheI fwUCIC"
    >
      <div
        className="sc-AxjAm hQvQLG"
      />
    </div>
    <div
      className="sc-AxheI fwUCIC"
    >
      <div
        className="sc-AxjAm hQvQLG"
      />
    </div>
    <div
      className="sc-AxheI fwUCIC"
    >
      <div
        className="sc-AxjAm hQvQLG"
      />
    </div>
    <div
      className="sc-AxheI fwUCIC"
    >
      <div
        className="sc-AxjAm hQvQLG"
      />
    </div>
    <div
      className="sc-AxheI fwUCIC"
    >
      <div
        className="sc-AxjAm hQvQLG"
      />
    </div>
    <div
      className="sc-AxheI fwUCIC"
    >
      <div
        className="sc-AxjAm hQvQLG"
      />
    </div>
    <div
      className="sc-AxheI fwUCIC"
    >
      <div
        className="sc-AxjAm hQvQLG"
      />
    </div>
    <div
      className="sc-AxheI fwUCIC"
    >
      <div
        className="sc-AxjAm hQvQLG"
      />
    </div>
    <div
      className="sc-AxheI fwUCIC"
    >
      <div
        className="sc-AxjAm hQvQLG"
      />
    </div>
    <div
      className="sc-AxheI fwUCIC"
    >
      <div
        className="sc-AxjAm hQvQLG"
      />
    </div>
    <div
      className="sc-AxheI fwUCIC"
    >
      <div
        className="sc-AxjAm hQvQLG"
      />
    </div>
    <div
      className="sc-AxheI fwUCIC"
    >
      <div
        className="sc-AxjAm hQvQLG"
      />
    </div>
    <div
      className="sc-AxheI fwUCIC"
    >
      <div
        className="sc-AxjAm hQvQLG"
      />
    </div>
    <div
      className="sc-AxheI fwUCIC"
    >
      <div
        className="sc-AxjAm hQvQLG"
      />
    </div>
    <div
      className="sc-AxheI fwUCIC"
    >
      <div
        className="sc-AxjAm hQvQLG"
      />
    </div>
    <div
      className="sc-AxheI fwUCIC"
    >
      <div
        className="sc-AxjAm hQvQLG"
      />
    </div>
    <div
      className="sc-AxheI fwUCIC"
    >
      <div
        className="sc-AxjAm hQvQLG"
      />
    </div>
    <div
      className="sc-AxheI fwUCIC"
    >
      <div
        className="sc-AxjAm hQvQLG"
      />
    </div>
    <div
      className="sc-AxheI fwUCIC"
    >
      <div
        className="sc-AxjAm hQvQLG"
      />
    </div>
    <div
      className="sc-AxheI fwUCIC"
    >
      <div
        className="sc-AxjAm hQvQLG"
      />
    </div>
    <div
      className="sc-AxheI fwUCIC"
    >
      <div
        className="sc-AxjAm hQvQLG"
      />
    </div>
    <div
      className="sc-AxheI fwUCIC"
    >
      <div
        className="sc-AxjAm hQvQLG"
      />
    </div>
    <div
      className="sc-AxheI fwUCIC"
    >
      <div
        className="sc-AxjAm hQvQLG"
      />
    </div>
    <div
      className="sc-AxheI fwUCIC"
    >
      <div
        className="sc-AxjAm hQvQLG"
      />
    </div>
    <div
      className="sc-AxheI fwUCIC"
    >
      <div
        className="sc-AxjAm hQvQLG"
      />
    </div>
    <div
      className="sc-AxheI fwUCIC"
    >
      <div
        className="sc-AxjAm hQvQLG"
      />
    </div>
    <div
      className="sc-AxheI fwUCIC"
    >
      <div
        className="sc-AxjAm hQvQLG"
      />
    </div>
    <div
      className="sc-AxheI fwUCIC"
    >
      <div
        className="sc-AxjAm hQvQLG"
      />
    </div>
    <div
      className="sc-AxheI fwUCIC"
    >
      <div
        className="sc-AxjAm hQvQLG"
      />
    </div>
    <div
      className="sc-AxheI fwUCIC"
    >
      <div
        className="sc-AxjAm hQvQLG"
      />
    </div>
    <div
      className="sc-AxheI fwUCIC"
    >
      <div
        className="sc-AxjAm hQvQLG"
      />
    </div>
    <div
      className="sc-AxheI fwUCIC"
    >
      <div
        className="sc-AxjAm hQvQLG"
      />
    </div>
    <div
      className="sc-AxheI fwUCIC"
    >
      <div
        className="sc-AxjAm hQvQLG"
      />
    </div>
  </div>
</div>
`;
