// Jest Snapshot v1, https://goo.gl/fbAQLP

exports[`<BoardContainer /> should render correctly 1`] = `
<div
  className="sc-AxmLO iQoDvo"
>
  <div
    className="sc-Axmtr bFEGpo"
  >
    <div
      className="sc-AxheI fwUCIC"
    >
      <div
        className="sc-AxjAm hQvQLG"
      />
    </div>
    <div
      className="sc-AxheI fwUCIC"
    >
      <div
        className="sc-AxjAm hQvQLG"
      />
    </div>
    <div
      className="sc-AxheI fwUCIC"
    >
      <div
        className="sc-AxjAm hQvQLG"
      />
    </div>
    <div
      className="sc-AxheI fwUCIC"
    >
      <div
        className="sc-AxjAm hQvQLG"
      />
    </div>
    <div
      className="sc-AxheI fUKIku"
    >
      <div
        className="sc-AxjAm hTpnSM"
      >
        <div
          className="sc-AxirZ cTgbdZ"
        />
        <div
          className="sc-AxiKw dglFec"
        />
        <div
          className="sc-AxhCb hRLSKp"
        />
        <div
          className="sc-AxhUy gUafog"
        />
        <div
          className="sc-AxgMl jUBJBs"
        />
      </div>
    </div>
    <div
      className="sc-AxheI fwUCIC"
    >
      <div
        className="sc-AxjAm hQvQLG"
      />
    </div>
    <div
      className="sc-AxheI fwUCIC"
    >
      <div
        className="sc-AxjAm hQvQLG"
      />
    </div>
    <div
      className="sc-AxheI fwUCIC"
    >
      <div
        className="sc-AxjAm hQvQLG"
      />
    </div>
    <div
      className="sc-AxheI fwUCIC"
    >
      <div
        className="sc-AxjAm hQvQLG"
      />
    </div>
    <div
      className="sc-AxheI fwUCIC"
    >
      <div
        className="sc-AxjAm hQvQLG"
      />
    </div>
    <div
      className="sc-AxheI fwUCIC"
    >
      <div
        className="sc-AxjAm hQvQLG"
      />
    </div>
    <div
      className="sc-AxheI fwUCIC"
    >
      <div
        className="sc-AxjAm hQvQLG"
      />
    </div>
    <div
      className="sc-AxheI fwUCIC"
    >
      <div
        className="sc-AxjAm hQvQLG"
      />
    </div>
    <div
      className="sc-AxheI fwUCIC"
    >
      <div
        className="sc-AxjAm hQvQLG"
      />
    </div>
    <div
      className="sc-AxheI fUKIku"
    >
      <div
        className="sc-AxjAm hTpnSM"
      >
        <div
          className="sc-AxirZ cTgbdZ"
        />
        <div
          className="sc-AxiKw dglFec"
        />
        <div
          className="sc-AxhCb hRLSKp"
        />
        <div
          className="sc-AxhUy gUafog"
        />
        <div
          className="sc-AxgMl jUBJBs"
        />
      </div>
    </div>
    <div
      className="sc-AxheI fwUCIC"
    >
      <div
        className="sc-AxjAm hQvQLG"
      />
    </div>
    <div
      className="sc-AxheI fwUCIC"
    >
      <div
        className="sc-AxjAm hQvQLG"
      />
    </div>
    <div
      className="sc-AxheI fwUCIC"
    >
      <div
        className="sc-AxjAm hQvQLG"
      />
    </div>
    <div
      className="sc-AxheI fwUCIC"
    >
      <div
        className="sc-AxjAm hQvQLG"
      />
    </div>
    <div
      className="sc-AxheI fwUCIC"
    >
      <div
        className="sc-AxjAm hQvQLG"
      />
    </div>
    <div
      className="sc-AxheI fwUCIC"
    >
      <div
        className="sc-AxjAm hQvQLG"
      />
    </div>
    <div
      className="sc-AxheI fwUCIC"
    >
      <div
        className="sc-AxjAm hQvQLG"
      />
    </div>
    <div
      className="sc-AxheI fwUCIC"
    >
      <div
        className="sc-AxjAm hQvQLG"
      />
    </div>
    <div
      className="sc-AxheI fwUCIC"
    >
      <div
        className="sc-AxjAm hQvQLG"
      />
    </div>
    <div
      className="sc-AxheI fUKIku"
    >
      <div
        className="sc-AxjAm hTpnSM"
      >
        <div
          className="sc-AxirZ cTgbdZ"
        />
        <div
          className="sc-AxiKw dglFec"
        />
        <div
          className="sc-AxhCb hRLSKp"
        />
        <div
          className="sc-AxhUy gUafog"
        />
        <div
          className="sc-AxgMl jUBJBs"
        />
      </div>
    </div>
    <div
      className="sc-AxheI fwUCIC"
    >
      <div
        className="sc-AxjAm hQvQLG"
      />
    </div>
    <div
      className="sc-AxheI fwUCIC"
    >
      <div
        className="sc-AxjAm hQvQLG"
      />
    </div>
    <div
      className="sc-AxheI fwUCIC"
    >
      <div
        className="sc-AxjAm hQvQLG"
      />
    </div>
    <div
      className="sc-AxheI fwUCIC"
    >
      <div
        className="sc-AxjAm hQvQLG"
      />
    </div>
    <div
      className="sc-AxheI fwUCIC"
    >
      <div
        className="sc-AxjAm hQvQLG"
      />
    </div>
    <div
      className="sc-AxheI fwUCIC"
    >
      <div
        className="sc-AxjAm hQvQLG"
      />
    </div>
    <div
      className="sc-AxheI fwUCIC"
    >
      <div
        className="sc-AxjAm hQvQLG"
      />
    </div>
    <div
      className="sc-AxheI fwUCIC"
    >
      <div
        className="sc-AxjAm hQvQLG"
      />
    </div>
    <div
      className="sc-AxheI fwUCIC"
    >
      <div
        className="sc-AxjAm hQvQLG"
      />
    </div>
    <div
      className="sc-AxheI fUKIku"
    >
      <div
        className="sc-AxjAm hTpnSM"
      >
        <div
          className="sc-AxirZ cTgbdZ"
        />
        <div
          className="sc-AxiKw dglFec"
        />
        <div
          className="sc-AxhCb hRLSKp"
        />
        <div
          className="sc-AxhUy gUafog"
        />
        <div
          className="sc-AxgMl jUBJBs"
        />
      </div>
    </div>
    <div
      className="sc-AxheI fwUCIC"
    >
      <div
        className="sc-AxjAm hQvQLG"
      />
    </div>
    <div
      className="sc-AxheI fwUCIC"
    >
      <div
        className="sc-AxjAm hQvQLG"
      />
    </div>
    <div
      className="sc-AxheI fwUCIC"
    >
      <div
        className="sc-AxjAm hQvQLG"
      />
    </div>
    <div
      className="sc-AxheI fwUCIC"
    >
      <div
        className="sc-AxjAm hQvQLG"
      />
    </div>
    <div
      className="sc-AxheI fwUCIC"
    >
      <div
        className="sc-AxjAm hQvQLG"
      />
    </div>
    <div
      className="sc-AxheI fwUCIC"
    >
      <div
        className="sc-AxjAm hQvQLG"
      />
    </div>
    <div
      className="sc-AxheI fwUCIC"
    >
      <div
        className="sc-AxjAm hQvQLG"
      />
    </div>
    <div
      className="sc-AxheI fwUCIC"
    >
      <div
        className="sc-AxjAm hQvQLG"
      />
    </div>
    <div
      className="sc-AxheI fwUCIC"
    >
      <div
        className="sc-AxjAm hQvQLG"
      />
    </div>
    <div
      className="sc-AxheI fwUCIC"
    >
      <div
        className="sc-AxjAm hQvQLG"
      />
    </div>
    <div
      className="sc-AxheI fwUCIC"
    >
      <div
        className="sc-AxjAm hQvQLG"
      />
    </div>
    <div
      className="sc-AxheI fwUCIC"
    >
      <div
        className="sc-AxjAm hQvQLG"
      />
    </div>
    <div
      className="sc-AxheI fwUCIC"
    >
      <div
        className="sc-AxjAm hQvQLG"
      />
    </div>
    <div
      className="sc-AxheI fwUCIC"
    >
      <div
        className="sc-AxjAm hQvQLG"
      />
    </div>
    <div
      className="sc-AxheI fwUCIC"
    >
      <div
        className="sc-AxjAm hQvQLG"
      />
    </div>
    <div
      className="sc-AxheI fwUCIC"
    >
      <div
        className="sc-AxjAm hQvQLG"
      />
    </div>
    <div
      className="sc-AxheI fwUCIC"
    >
      <div
        className="sc-AxjAm hQvQLG"
      />
    </div>
    <div
      className="sc-AxheI fwUCIC"
    >
      <div
        className="sc-AxjAm hQvQLG"
      />
    </div>
    <div
      className="sc-AxheI fwUCIC"
    >
      <div
        className="sc-AxjAm hQvQLG"
      />
    </div>
    <div
      className="sc-AxheI fwUCIC"
    >
      <div
        className="sc-AxjAm hQvQLG"
      />
    </div>
    <div
      className="sc-AxheI fwUCIC"
    >
      <div
        className="sc-AxjAm hQvQLG"
      />
    </div>
    <div
      className="sc-AxheI fwUCIC"
    >
      <div
        className="sc-AxjAm hQvQLG"
      />
    </div>
    <div
      className="sc-AxheI fwUCIC"
    >
      <div
        className="sc-AxjAm hQvQLG"
      />
    </div>
    <div
      className="sc-AxheI fwUCIC"
    >
      <div
        className="sc-AxjAm hQvQLG"
      />
    </div>
    <div
      className="sc-AxheI fwUCIC"
    >
      <div
        className="sc-AxjAm hQvQLG"
      />
    </div>
    <div
      className="sc-AxheI fwUCIC"
    >
      <div
        className="sc-AxjAm hQvQLG"
      />
    </div>
    <div
      className="sc-AxheI fwUCIC"
    >
      <div
        className="sc-AxjAm hQvQLG"
      />
    </div>
    <div
      className="sc-AxheI fwUCIC"
    >
      <div
        className="sc-AxjAm hQvQLG"
      />
    </div>
    <div
      className="sc-AxheI fwUCIC"
    >
      <div
        className="sc-AxjAm hQvQLG"
      />
    </div>
    <div
      className="sc-AxheI fwUCIC"
    >
      <div
        className="sc-AxjAm hQvQLG"
      />
    </div>
    <div
      className="sc-AxheI fwUCIC"
    >
      <div
        className="sc-AxjAm hQvQLG"
      />
    </div>
    <div
      className="sc-AxheI fwUCIC"
    >
      <div
        className="sc-AxjAm hQvQLG"
      />
    </div>
    <div
      className="sc-AxheI fwUCIC"
    >
      <div
        className="sc-AxjAm hQvQLG"
      />
    </div>
    <div
      className="sc-AxheI fwUCIC"
    >
      <div
        className="sc-AxjAm hQvQLG"
      />
    </div>
    <div
      className="sc-AxheI fwUCIC"
    >
      <div
        className="sc-AxjAm hQvQLG"
      />
    </div>
    <div
      className="sc-AxheI fwUCIC"
    >
      <div
        className="sc-AxjAm hQvQLG"
      />
    </div>
    <div
      className="sc-AxheI fwUCIC"
    >
      <div
        className="sc-AxjAm hQvQLG"
      />
    </div>
    <div
      className="sc-AxheI fwUCIC"
    >
      <div
        className="sc-AxjAm hQvQLG"
      />
    </div>
    <div
      className="sc-AxheI fwUCIC"
    >
      <div
        className="sc-AxjAm hQvQLG"
      />
    </div>
    <div
      className="sc-AxheI fwUCIC"
    >
      <div
        className="sc-AxjAm hQvQLG"
      />
    </div>
    <div
      className="sc-AxheI fwUCIC"
    >
      <div
        className="sc-AxjAm hQvQLG"
      />
    </div>
    <div
      className="sc-AxheI fwUCIC"
    >
      <div
        className="sc-AxjAm hQvQLG"
      />
    </div>
    <div
      className="sc-AxheI fwUCIC"
    >
      <div
        className="sc-AxjAm hQvQLG"
      />
    </div>
    <div
      className="sc-AxheI fwUCIC"
    >
      <div
        className="sc-AxjAm hQvQLG"
      />
    </div>
    <div
      className="sc-AxheI fwUCIC"
    >
      <div
        className="sc-AxjAm hQvQLG"
      />
    </div>
    <div
      className="sc-AxheI fwUCIC"
    >
      <div
        className="sc-AxjAm hQvQLG"
      />
    </div>
    <div
      className="sc-AxheI fwUCIC"
    >
      <div
        className="sc-AxjAm hQvQLG"
      />
    </div>
    <div
      className="sc-AxheI fwUCIC"
    >
      <div
        className="sc-AxjAm hQvQLG"
      />
    </div>
    <div
      className="sc-AxheI fwUCIC"
    >
      <div
        className="sc-AxjAm hQvQLG"
      />
    </div>
    <div
      className="sc-AxheI fwUCIC"
    >
      <div
        className="sc-AxjAm hQvQLG"
      />
    </div>
    <div
      className="sc-AxheI fwUCIC"
    >
      <div
        className="sc-AxjAm hQvQLG"
      />
    </div>
    <div
      className="sc-AxheI fwUCIC"
    >
      <div
        className="sc-AxjAm hQvQLG"
      />
    </div>
    <div
      className="sc-AxheI fwUCIC"
    >
      <div
        className="sc-AxjAm hQvQLG"
      />
    </div>
    <div
      className="sc-AxheI fwUCIC"
    >
      <div
        className="sc-AxjAm hQvQLG"
      />
    </div>
    <div
      className="sc-AxheI fwUCIC"
    >
      <div
        className="sc-AxjAm hQvQLG"
      />
    </div>
    <div
      className="sc-AxheI fwUCIC"
    >
      <div
        className="sc-AxjAm hQvQLG"
      />
    </div>
    <div
      className="sc-AxheI fwUCIC"
    >
      <div
        className="sc-AxjAm hQvQLG"
      />
    </div>
    <div
      className="sc-AxheI fwUCIC"
    >
      <div
        className="sc-AxjAm hQvQLG"
      />
    </div>
    <div
      className="sc-AxheI fwUCIC"
    >
      <div
        className="sc-AxjAm hQvQLG"
      />
    </div>
    <div
      className="sc-AxheI fwUCIC"
    >
      <div
        className="sc-AxjAm hQvQLG"
      />
    </div>
    <div
      className="sc-AxheI fwUCIC"
    >
      <div
        className="sc-AxjAm hQvQLG"
      />
    </div>
    <div
      className="sc-AxheI fwUCIC"
    >
      <div
        className="sc-AxjAm hQvQLG"
      />
    </div>
    <div
      className="sc-AxheI fwUCIC"
    >
      <div
        className="sc-AxjAm hQvQLG"
      />
    </div>
    <div
      className="sc-AxheI fwUCIC"
    >
      <div
        className="sc-AxjAm hQvQLG"
      />
    </div>
    <div
      className="sc-AxheI fwUCIC"
    >
      <div
        className="sc-AxjAm hQvQLG"
      />
    </div>
    <div
      className="sc-AxheI fwUCIC"
    >
      <div
        className="sc-AxjAm hQvQLG"
      />
    </div>
    <div
      className="sc-AxheI fwUCIC"
    >
      <div
        className="sc-AxjAm hQvQLG"
      />
    </div>
    <div
      className="sc-AxheI fwUCIC"
    >
      <div
        className="sc-AxjAm hQvQLG"
      />
    </div>
    <div
      className="sc-AxheI fwUCIC"
    >
      <div
        className="sc-AxjAm hQvQLG"
      />
    </div>
    <div
      className="sc-AxheI fwUCIC"
    >
      <div
        className="sc-AxjAm hQvQLG"
      />
    </div>
    <div
      className="sc-AxheI fwUCIC"
    >
      <div
        className="sc-AxjAm hQvQLG"
      />
    </div>
    <div
      className="sc-AxheI fwUCIC"
    >
      <div
        className="sc-AxjAm hQvQLG"
      />
    </div>
    <div
      className="sc-AxheI fwUCIC"
    >
      <div
        className="sc-AxjAm hQvQLG"
      />
    </div>
    <div
      className="sc-AxheI fwUCIC"
    >
      <div
        className="sc-AxjAm hQvQLG"
      />
    </div>
    <div
      className="sc-AxheI fwUCIC"
    >
      <div
        className="sc-AxjAm hQvQLG"
      />
    </div>
    <div
      className="sc-AxheI fwUCIC"
    >
      <div
        className="sc-AxjAm hQvQLG"
      />
    </div>
    <div
      className="sc-AxheI fwUCIC"
    >
      <div
        className="sc-AxjAm hQvQLG"
      />
    </div>
    <div
      className="sc-AxheI fwUCIC"
    >
      <div
        className="sc-AxjAm hQvQLG"
      />
    </div>
    <div
      className="sc-AxheI fwUCIC"
    >
      <div
        className="sc-AxjAm hQvQLG"
      />
    </div>
    <div
      className="sc-AxheI fwUCIC"
    >
      <div
        className="sc-AxjAm hQvQLG"
      />
    </div>
    <div
      className="sc-AxheI fwUCIC"
    >
      <div
        className="sc-AxjAm hQvQLG"
      />
    </div>
    <div
      className="sc-AxheI fwUCIC"
    >
      <div
        className="sc-AxjAm hQvQLG"
      />
    </div>
    <div
      className="sc-AxheI fwUCIC"
    >
      <div
        className="sc-AxjAm hQvQLG"
      />
    </div>
    <div
      className="sc-AxheI fwUCIC"
    >
      <div
        className="sc-AxjAm hQvQLG"
      />
    </div>
    <div
      className="sc-AxheI fwUCIC"
    >
      <div
        className="sc-AxjAm hQvQLG"
      />
    </div>
    <div
      className="sc-AxheI fwUCIC"
    >
      <div
        className="sc-AxjAm hQvQLG"
      />
    </div>
    <div
      className="sc-AxheI fwUCIC"
    >
      <div
        className="sc-AxjAm hQvQLG"
      />
    </div>
    <div
      className="sc-AxheI fwUCIC"
    >
      <div
        className="sc-AxjAm hQvQLG"
      />
    </div>
    <div
      className="sc-AxheI fwUCIC"
    >
      <div
        className="sc-AxjAm hQvQLG"
      />
    </div>
    <div
      className="sc-AxheI fwUCIC"
    >
      <div
        className="sc-AxjAm hQvQLG"
      />
    </div>
    <div
      className="sc-AxheI fwUCIC"
    >
      <div
        className="sc-AxjAm hQvQLG"
      />
    </div>
    <div
      className="sc-AxheI fwUCIC"
    >
      <div
        className="sc-AxjAm hQvQLG"
      />
    </div>
    <div
      className="sc-AxheI fwUCIC"
    >
      <div
        className="sc-AxjAm hQvQLG"
      />
    </div>
    <div
      className="sc-AxheI fwUCIC"
    >
      <div
        className="sc-AxjAm hQvQLG"
      />
    </div>
    <div
      className="sc-AxheI fwUCIC"
    >
      <div
        className="sc-AxjAm hQvQLG"
      />
    </div>
    <div
      className="sc-AxheI fwUCIC"
    >
      <div
        className="sc-AxjAm hQvQLG"
      />
    </div>
    <div
      className="sc-AxheI fwUCIC"
    >
      <div
        className="sc-AxjAm hQvQLG"
      />
    </div>
    <div
      className="sc-AxheI fwUCIC"
    >
      <div
        className="sc-AxjAm hQvQLG"
      />
    </div>
    <div
      className="sc-AxheI fwUCIC"
    >
      <div
        className="sc-AxjAm hQvQLG"
      />
    </div>
    <div
      className="sc-AxheI fwUCIC"
    >
      <div
        className="sc-AxjAm hQvQLG"
      />
    </div>
    <div
      className="sc-AxheI fwUCIC"
    >
      <div
        className="sc-AxjAm hQvQLG"
      />
    </div>
    <div
      className="sc-AxheI fwUCIC"
    >
      <div
        className="sc-AxjAm hQvQLG"
      />
    </div>
    <div
      className="sc-AxheI fwUCIC"
    >
      <div
        className="sc-AxjAm hQvQLG"
      />
    </div>
    <div
      className="sc-AxheI fwUCIC"
    >
      <div
        className="sc-AxjAm hQvQLG"
      />
    </div>
    <div
      className="sc-AxheI fwUCIC"
    >
      <div
        className="sc-AxjAm hQvQLG"
      />
    </div>
    <div
      className="sc-AxheI fwUCIC"
    >
      <div
        className="sc-AxjAm hQvQLG"
      />
    </div>
    <div
      className="sc-AxheI fwUCIC"
    >
      <div
        className="sc-AxjAm hQvQLG"
      />
    </div>
    <div
      className="sc-AxheI fwUCIC"
    >
      <div
        className="sc-AxjAm hQvQLG"
      />
    </div>
    <div
      className="sc-AxheI fwUCIC"
    >
      <div
        className="sc-AxjAm hQvQLG"
      />
    </div>
    <div
      className="sc-AxheI fwUCIC"
    >
      <div
        className="sc-AxjAm hQvQLG"
      />
    </div>
    <div
      className="sc-AxheI fwUCIC"
    >
      <div
        className="sc-AxjAm hQvQLG"
      />
    </div>
    <div
      className="sc-AxheI fwUCIC"
    >
      <div
        className="sc-AxjAm hQvQLG"
      />
    </div>
    <div
      className="sc-AxheI fwUCIC"
    >
      <div
        className="sc-AxjAm hQvQLG"
      />
    </div>
    <div
      className="sc-AxheI fwUCIC"
    >
      <div
        className="sc-AxjAm hQvQLG"
      />
    </div>
    <div
      className="sc-AxheI fwUCIC"
    >
      <div
        className="sc-AxjAm hQvQLG"
      />
    </div>
    <div
      className="sc-AxheI fwUCIC"
    >
      <div
        className="sc-AxjAm hQvQLG"
      />
    </div>
    <div
      className="sc-AxheI fwUCIC"
    >
      <div
        className="sc-AxjAm hQvQLG"
      />
    </div>
    <div
      className="sc-AxheI fwUCIC"
    >
      <div
        className="sc-AxjAm hQvQLG"
      />
    </div>
    <div
      className="sc-AxheI fwUCIC"
    >
      <div
        className="sc-AxjAm hQvQLG"
      />
    </div>
    <div
      className="sc-AxheI fwUCIC"
    >
      <div
        className="sc-AxjAm hQvQLG"
      />
    </div>
    <div
      className="sc-AxheI fwUCIC"
    >
      <div
        className="sc-AxjAm hQvQLG"
      />
    </div>
    <div
      className="sc-AxheI fwUCIC"
    >
      <div
        className="sc-AxjAm hQvQLG"
      />
    </div>
    <div
      className="sc-AxheI fwUCIC"
    >
      <div
        className="sc-AxjAm hQvQLG"
      />
    </div>
    <div
      className="sc-AxheI fwUCIC"
    >
      <div
        className="sc-AxjAm hQvQLG"
      />
    </div>
    <div
      className="sc-AxheI fwUCIC"
    >
      <div
        className="sc-AxjAm hQvQLG"
      />
    </div>
    <div
      className="sc-AxheI fwUCIC"
    >
      <div
        className="sc-AxjAm hQvQLG"
      />
    </div>
    <div
      className="sc-AxheI fwUCIC"
    >
      <div
        className="sc-AxjAm hQvQLG"
      />
    </div>
    <div
      className="sc-AxheI fwUCIC"
    >
      <div
        className="sc-AxjAm hQvQLG"
      />
    </div>
    <div
      className="sc-AxheI fwUCIC"
    >
      <div
        className="sc-AxjAm hQvQLG"
      />
    </div>
    <div
      className="sc-AxheI fwUCIC"
    >
      <div
        className="sc-AxjAm hQvQLG"
      />
    </div>
    <div
      className="sc-AxheI fwUCIC"
    >
      <div
        className="sc-AxjAm hQvQLG"
      />
    </div>
    <div
      className="sc-AxheI fwUCIC"
    >
      <div
        className="sc-AxjAm hQvQLG"
      />
    </div>
    <div
      className="sc-AxheI fwUCIC"
    >
      <div
        className="sc-AxjAm hQvQLG"
      />
    </div>
    <div
      className="sc-AxheI fwUCIC"
    >
      <div
        className="sc-AxjAm hQvQLG"
      />
    </div>
    <div
      className="sc-AxheI fwUCIC"
    >
      <div
        className="sc-AxjAm hQvQLG"
      />
    </div>
    <div
      className="sc-AxheI fwUCIC"
    >
      <div
        className="sc-AxjAm hQvQLG"
      />
    </div>
    <div
      className="sc-AxheI fwUCIC"
    >
      <div
        className="sc-AxjAm hQvQLG"
      />
    </div>
    <div
      className="sc-AxheI fwUCIC"
    >
      <div
        className="sc-AxjAm hQvQLG"
      />
    </div>
    <div
      className="sc-AxheI fwUCIC"
    >
      <div
        className="sc-AxjAm hQvQLG"
      />
    </div>
    <div
      className="sc-AxheI fwUCIC"
    >
      <div
        className="sc-AxjAm hQvQLG"
      />
    </div>
    <div
      className="sc-AxheI fwUCIC"
    >
      <div
        className="sc-AxjAm hQvQLG"
      />
    </div>
    <div
      className="sc-AxheI fwUCIC"
    >
      <div
        className="sc-AxjAm hQvQLG"
      />
    </div>
    <div
      className="sc-AxheI fwUCIC"
    >
      <div
        className="sc-AxjAm hQvQLG"
      />
    </div>
    <div
      className="sc-AxheI fwUCIC"
    >
      <div
        className="sc-AxjAm hQvQLG"
      />
    </div>
    <div
      className="sc-AxheI fwUCIC"
    >
      <div
        className="sc-AxjAm hQvQLG"
      />
    </div>
    <div
      className="sc-AxheI fwUCIC"
    >
      <div
        className="sc-AxjAm hQvQLG"
      />
    </div>
    <div
      className="sc-AxheI fwUCIC"
    >
      <div
        className="sc-AxjAm hQvQLG"
      />
    </div>
    <div
      className="sc-AxheI fwUCIC"
    >
      <div
        className="sc-AxjAm hQvQLG"
      />
    </div>
    <div
      className="sc-AxheI fwUCIC"
    >
      <div
        className="sc-AxjAm hQvQLG"
      />
    </div>
    <div
      className="sc-AxheI fwUCIC"
    >
      <div
        className="sc-AxjAm hQvQLG"
      />
    </div>
    <div
      className="sc-AxheI fwUCIC"
    >
      <div
        className="sc-AxjAm hQvQLG"
      />
    </div>
    <div
      className="sc-AxheI fwUCIC"
    >
      <div
        className="sc-AxjAm hQvQLG"
      />
    </div>
    <div
      className="sc-AxheI fwUCIC"
    >
      <div
        className="sc-AxjAm hQvQLG"
      />
    </div>
    <div
      className="sc-AxheI fwUCIC"
    >
      <div
        className="sc-AxjAm hQvQLG"
      />
    </div>
    <div
      className="sc-AxheI fwUCIC"
    >
      <div
        className="sc-AxjAm hQvQLG"
      />
    </div>
    <div
      className="sc-AxheI fwUCIC"
    >
      <div
        className="sc-AxjAm hQvQLG"
      />
    </div>
    <div
      className="sc-AxheI fwUCIC"
    >
      <div
        className="sc-AxjAm hQvQLG"
      />
    </div>
    <div
      className="sc-AxheI fwUCIC"
    >
      <div
        className="sc-AxjAm hQvQLG"
      />
    </div>
    <div
      className="sc-AxheI fwUCIC"
    >
      <div
        className="sc-AxjAm hQvQLG"
      />
    </div>
    <div
      className="sc-AxheI fwUCIC"
    >
      <div
        className="sc-AxjAm hQvQLG"
      />
    </div>
    <div
      className="sc-AxheI fwUCIC"
    >
      <div
        className="sc-AxjAm hQvQLG"
      />
    </div>
    <div
      className="sc-AxheI fwUCIC"
    >
      <div
        className="sc-AxjAm hQvQLG"
      />
    </div>
    <div
      className="sc-AxheI fwUCIC"
    >
      <div
        className="sc-AxjAm hQvQLG"
      />
    </div>
    <div
      className="sc-AxheI fwUCIC"
    >
      <div
        className="sc-AxjAm hQvQLG"
      />
    </div>
    <div
      className="sc-AxheI fwUCIC"
    >
      <div
        className="sc-AxjAm hQvQLG"
      />
    </div>
  </div>
</div>
`;
