// Jest Snapshot v1, https://goo.gl/fbAQLP

exports[`<InfoContainer /> should render correctly 1`] = `
<div
  className="sc-AxjAm jdsAYC"
>
  <div
    className="sc-AxirZ gVRNow"
  >
    <div
      className="sc-AxiKw eqhIAV"
    >
      Score
    </div>
    <div
      className="sc-AxiKw eqhIAV"
      data-test="score"
    >
      0
    </div>
  </div>
  <div
    className="sc-AxhCb jNrBnE"
  />
  <div
    className="sc-AxirZ gVRNow"
  >
    <div
      className="sc-AxiKw eqhIAV"
    >
      Level
    </div>
    <div
      className="sc-AxiKw eqhIAV"
      data-test="level"
    >
      1
    </div>
  </div>
  <div
    className="sc-AxhCb jNrBnE"
  />
  <div
    className="sc-AxirZ gVRNow"
  >
    <div
      className="sc-AxiKw eqhIAV"
    >
      Lines
    </div>
    <div
      className="sc-AxiKw eqhIAV"
      data-test="lines"
    >
      0
    </div>
  </div>
</div>
`;
