// Jest Snapshot v1, https://goo.gl/fbAQLP

exports[`<Info /> should render Info 1`] = `
<div
  className="sc-AxjAm jdsAYC"
>
  <div
    className="sc-AxirZ gVRNow"
  >
    <div
      className="sc-AxiKw bLKSBM"
    >
      Score
    </div>
    <div
      className="sc-AxiKw bLKSBM"
      data-test="score"
    >
      100
    </div>
  </div>
  <div
    className="sc-AxhCb jNrBnE"
  />
  <div
    className="sc-AxirZ gVRNow"
  >
    <div
      className="sc-AxiKw bLKSBM"
    >
      Level
    </div>
    <div
      className="sc-AxiKw bLKSBM"
      data-test="level"
    >
      1
    </div>
  </div>
  <div
    className="sc-AxhCb jNrBnE"
  />
  <div
    className="sc-AxirZ gVRNow"
  >
    <div
      className="sc-AxiKw bLKSBM"
    >
      Lines
    </div>
    <div
      className="sc-AxiKw bLKSBM"
      data-test="lines"
    >
      2
    </div>
  </div>
</div>
`;
