// Jest Snapshot v1, https://goo.gl/fbAQLP

exports[`<ScreenGame /> should render 1`] = `
<div
  className="sc-fznxsB dAlLCM"
>
  <div
    className="sc-fznWqX clGFVO"
  >
    <div
      className="sc-AxmLO iQoDvo"
    >
      <div
        className="sc-Axmtr bFEGpo"
      >
        <div
          className="sc-AxheI fwUCIC"
        >
          <div
            className="sc-AxjAm hQvQLG"
          />
        </div>
        <div
          className="sc-AxheI fwUCIC"
        >
          <div
            className="sc-AxjAm hQvQLG"
          />
        </div>
        <div
          className="sc-AxheI fwUCIC"
        >
          <div
            className="sc-AxjAm hQvQLG"
          />
        </div>
        <div
          className="sc-AxheI fwUCIC"
        >
          <div
            className="sc-AxjAm hQvQLG"
          />
        </div>
        <div
          className="sc-AxheI fUKIku"
        >
          <div
            className="sc-AxjAm hTpnSM"
          >
            <div
              className="sc-AxirZ cTgbdZ"
            />
            <div
              className="sc-AxiKw dglFec"
            />
            <div
              className="sc-AxhCb hRLSKp"
            />
            <div
              className="sc-AxhUy gUafog"
            />
            <div
              className="sc-AxgMl jUBJBs"
            />
          </div>
        </div>
        <div
          className="sc-AxheI fwUCIC"
        >
          <div
            className="sc-AxjAm hQvQLG"
          />
        </div>
        <div
          className="sc-AxheI fwUCIC"
        >
          <div
            className="sc-AxjAm hQvQLG"
          />
        </div>
        <div
          className="sc-AxheI fwUCIC"
        >
          <div
            className="sc-AxjAm hQvQLG"
          />
        </div>
        <div
          className="sc-AxheI fwUCIC"
        >
          <div
            className="sc-AxjAm hQvQLG"
          />
        </div>
        <div
          className="sc-AxheI fwUCIC"
        >
          <div
            className="sc-AxjAm hQvQLG"
          />
        </div>
        <div
          className="sc-AxheI fwUCIC"
        >
          <div
            className="sc-AxjAm hQvQLG"
          />
        </div>
        <div
          className="sc-AxheI fwUCIC"
        >
          <div
            className="sc-AxjAm hQvQLG"
          />
        </div>
        <div
          className="sc-AxheI fwUCIC"
        >
          <div
            className="sc-AxjAm hQvQLG"
          />
        </div>
        <div
          className="sc-AxheI fwUCIC"
        >
          <div
            className="sc-AxjAm hQvQLG"
          />
        </div>
        <div
          className="sc-AxheI fUKIku"
        >
          <div
            className="sc-AxjAm hTpnSM"
          >
            <div
              className="sc-AxirZ cTgbdZ"
            />
            <div
              className="sc-AxiKw dglFec"
            />
            <div
              className="sc-AxhCb hRLSKp"
            />
            <div
              className="sc-AxhUy gUafog"
            />
            <div
              className="sc-AxgMl jUBJBs"
            />
          </div>
        </div>
        <div
          className="sc-AxheI fwUCIC"
        >
          <div
            className="sc-AxjAm hQvQLG"
          />
        </div>
        <div
          className="sc-AxheI fwUCIC"
        >
          <div
            className="sc-AxjAm hQvQLG"
          />
        </div>
        <div
          className="sc-AxheI fwUCIC"
        >
          <div
            className="sc-AxjAm hQvQLG"
          />
        </div>
        <div
          className="sc-AxheI fwUCIC"
        >
          <div
            className="sc-AxjAm hQvQLG"
          />
        </div>
        <div
          className="sc-AxheI fwUCIC"
        >
          <div
            className="sc-AxjAm hQvQLG"
          />
        </div>
        <div
          className="sc-AxheI fwUCIC"
        >
          <div
            className="sc-AxjAm hQvQLG"
          />
        </div>
        <div
          className="sc-AxheI fwUCIC"
        >
          <div
            className="sc-AxjAm hQvQLG"
          />
        </div>
        <div
          className="sc-AxheI fwUCIC"
        >
          <div
            className="sc-AxjAm hQvQLG"
          />
        </div>
        <div
          className="sc-AxheI fwUCIC"
        >
          <div
            className="sc-AxjAm hQvQLG"
          />
        </div>
        <div
          className="sc-AxheI fUKIku"
        >
          <div
            className="sc-AxjAm hTpnSM"
          >
            <div
              className="sc-AxirZ cTgbdZ"
            />
            <div
              className="sc-AxiKw dglFec"
            />
            <div
              className="sc-AxhCb hRLSKp"
            />
            <div
              className="sc-AxhUy gUafog"
            />
            <div
              className="sc-AxgMl jUBJBs"
            />
          </div>
        </div>
        <div
          className="sc-AxheI fwUCIC"
        >
          <div
            className="sc-AxjAm hQvQLG"
          />
        </div>
        <div
          className="sc-AxheI fwUCIC"
        >
          <div
            className="sc-AxjAm hQvQLG"
          />
        </div>
        <div
          className="sc-AxheI fwUCIC"
        >
          <div
            className="sc-AxjAm hQvQLG"
          />
        </div>
        <div
          className="sc-AxheI fwUCIC"
        >
          <div
            className="sc-AxjAm hQvQLG"
          />
        </div>
        <div
          className="sc-AxheI fwUCIC"
        >
          <div
            className="sc-AxjAm hQvQLG"
          />
        </div>
        <div
          className="sc-AxheI fwUCIC"
        >
          <div
            className="sc-AxjAm hQvQLG"
          />
        </div>
        <div
          className="sc-AxheI fwUCIC"
        >
          <div
            className="sc-AxjAm hQvQLG"
          />
        </div>
        <div
          className="sc-AxheI fwUCIC"
        >
          <div
            className="sc-AxjAm hQvQLG"
          />
        </div>
        <div
          className="sc-AxheI fwUCIC"
        >
          <div
            className="sc-AxjAm hQvQLG"
          />
        </div>
        <div
          className="sc-AxheI fUKIku"
        >
          <div
            className="sc-AxjAm hTpnSM"
          >
            <div
              className="sc-AxirZ cTgbdZ"
            />
            <div
              className="sc-AxiKw dglFec"
            />
            <div
              className="sc-AxhCb hRLSKp"
            />
            <div
              className="sc-AxhUy gUafog"
            />
            <div
              className="sc-AxgMl jUBJBs"
            />
          </div>
        </div>
        <div
          className="sc-AxheI fwUCIC"
        >
          <div
            className="sc-AxjAm hQvQLG"
          />
        </div>
        <div
          className="sc-AxheI fwUCIC"
        >
          <div
            className="sc-AxjAm hQvQLG"
          />
        </div>
        <div
          className="sc-AxheI fwUCIC"
        >
          <div
            className="sc-AxjAm hQvQLG"
          />
        </div>
        <div
          className="sc-AxheI fwUCIC"
        >
          <div
            className="sc-AxjAm hQvQLG"
          />
        </div>
        <div
          className="sc-AxheI fwUCIC"
        >
          <div
            className="sc-AxjAm hQvQLG"
          />
        </div>
        <div
          className="sc-AxheI fwUCIC"
        >
          <div
            className="sc-AxjAm hQvQLG"
          />
        </div>
        <div
          className="sc-AxheI fwUCIC"
        >
          <div
            className="sc-AxjAm hQvQLG"
          />
        </div>
        <div
          className="sc-AxheI fwUCIC"
        >
          <div
            className="sc-AxjAm hQvQLG"
          />
        </div>
        <div
          className="sc-AxheI fwUCIC"
        >
          <div
            className="sc-AxjAm hQvQLG"
          />
        </div>
        <div
          className="sc-AxheI fwUCIC"
        >
          <div
            className="sc-AxjAm hQvQLG"
          />
        </div>
        <div
          className="sc-AxheI fwUCIC"
        >
          <div
            className="sc-AxjAm hQvQLG"
          />
        </div>
        <div
          className="sc-AxheI fwUCIC"
        >
          <div
            className="sc-AxjAm hQvQLG"
          />
        </div>
        <div
          className="sc-AxheI fwUCIC"
        >
          <div
            className="sc-AxjAm hQvQLG"
          />
        </div>
        <div
          className="sc-AxheI fwUCIC"
        >
          <div
            className="sc-AxjAm hQvQLG"
          />
        </div>
        <div
          className="sc-AxheI fwUCIC"
        >
          <div
            className="sc-AxjAm hQvQLG"
          />
        </div>
        <div
          className="sc-AxheI fwUCIC"
        >
          <div
            className="sc-AxjAm hQvQLG"
          />
        </div>
        <div
          className="sc-AxheI fwUCIC"
        >
          <div
            className="sc-AxjAm hQvQLG"
          />
        </div>
        <div
          className="sc-AxheI fwUCIC"
        >
          <div
            className="sc-AxjAm hQvQLG"
          />
        </div>
        <div
          className="sc-AxheI fwUCIC"
        >
          <div
            className="sc-AxjAm hQvQLG"
          />
        </div>
        <div
          className="sc-AxheI fwUCIC"
        >
          <div
            className="sc-AxjAm hQvQLG"
          />
        </div>
        <div
          className="sc-AxheI fwUCIC"
        >
          <div
            className="sc-AxjAm hQvQLG"
          />
        </div>
        <div
          className="sc-AxheI fwUCIC"
        >
          <div
            className="sc-AxjAm hQvQLG"
          />
        </div>
        <div
          className="sc-AxheI fwUCIC"
        >
          <div
            className="sc-AxjAm hQvQLG"
          />
        </div>
        <div
          className="sc-AxheI fwUCIC"
        >
          <div
            className="sc-AxjAm hQvQLG"
          />
        </div>
        <div
          className="sc-AxheI fwUCIC"
        >
          <div
            className="sc-AxjAm hQvQLG"
          />
        </div>
        <div
          className="sc-AxheI fwUCIC"
        >
          <div
            className="sc-AxjAm hQvQLG"
          />
        </div>
        <div
          className="sc-AxheI fwUCIC"
        >
          <div
            className="sc-AxjAm hQvQLG"
          />
        </div>
        <div
          className="sc-AxheI fwUCIC"
        >
          <div
            className="sc-AxjAm hQvQLG"
          />
        </div>
        <div
          className="sc-AxheI fwUCIC"
        >
          <div
            className="sc-AxjAm hQvQLG"
          />
        </div>
        <div
          className="sc-AxheI fwUCIC"
        >
          <div
            className="sc-AxjAm hQvQLG"
          />
        </div>
        <div
          className="sc-AxheI fwUCIC"
        >
          <div
            className="sc-AxjAm hQvQLG"
          />
        </div>
        <div
          className="sc-AxheI fwUCIC"
        >
          <div
            className="sc-AxjAm hQvQLG"
          />
        </div>
        <div
          className="sc-AxheI fwUCIC"
        >
          <div
            className="sc-AxjAm hQvQLG"
          />
        </div>
        <div
          className="sc-AxheI fwUCIC"
        >
          <div
            className="sc-AxjAm hQvQLG"
          />
        </div>
        <div
          className="sc-AxheI fwUCIC"
        >
          <div
            className="sc-AxjAm hQvQLG"
          />
        </div>
        <div
          className="sc-AxheI fwUCIC"
        >
          <div
            className="sc-AxjAm hQvQLG"
          />
        </div>
        <div
          className="sc-AxheI fwUCIC"
        >
          <div
            className="sc-AxjAm hQvQLG"
          />
        </div>
        <div
          className="sc-AxheI fwUCIC"
        >
          <div
            className="sc-AxjAm hQvQLG"
          />
        </div>
        <div
          className="sc-AxheI fwUCIC"
        >
          <div
            className="sc-AxjAm hQvQLG"
          />
        </div>
        <div
          className="sc-AxheI fwUCIC"
        >
          <div
            className="sc-AxjAm hQvQLG"
          />
        </div>
        <div
          className="sc-AxheI fwUCIC"
        >
          <div
            className="sc-AxjAm hQvQLG"
          />
        </div>
        <div
          className="sc-AxheI fwUCIC"
        >
          <div
            className="sc-AxjAm hQvQLG"
          />
        </div>
        <div
          className="sc-AxheI fwUCIC"
        >
          <div
            className="sc-AxjAm hQvQLG"
          />
        </div>
        <div
          className="sc-AxheI fwUCIC"
        >
          <div
            className="sc-AxjAm hQvQLG"
          />
        </div>
        <div
          className="sc-AxheI fwUCIC"
        >
          <div
            className="sc-AxjAm hQvQLG"
          />
        </div>
        <div
          className="sc-AxheI fwUCIC"
        >
          <div
            className="sc-AxjAm hQvQLG"
          />
        </div>
        <div
          className="sc-AxheI fwUCIC"
        >
          <div
            className="sc-AxjAm hQvQLG"
          />
        </div>
        <div
          className="sc-AxheI fwUCIC"
        >
          <div
            className="sc-AxjAm hQvQLG"
          />
        </div>
        <div
          className="sc-AxheI fwUCIC"
        >
          <div
            className="sc-AxjAm hQvQLG"
          />
        </div>
        <div
          className="sc-AxheI fwUCIC"
        >
          <div
            className="sc-AxjAm hQvQLG"
          />
        </div>
        <div
          className="sc-AxheI fwUCIC"
        >
          <div
            className="sc-AxjAm hQvQLG"
          />
        </div>
        <div
          className="sc-AxheI fwUCIC"
        >
          <div
            className="sc-AxjAm hQvQLG"
          />
        </div>
        <div
          className="sc-AxheI fwUCIC"
        >
          <div
            className="sc-AxjAm hQvQLG"
          />
        </div>
        <div
          className="sc-AxheI fwUCIC"
        >
          <div
            className="sc-AxjAm hQvQLG"
          />
        </div>
        <div
          className="sc-AxheI fwUCIC"
        >
          <div
            className="sc-AxjAm hQvQLG"
          />
        </div>
        <div
          className="sc-AxheI fwUCIC"
        >
          <div
            className="sc-AxjAm hQvQLG"
          />
        </div>
        <div
          className="sc-AxheI fwUCIC"
        >
          <div
            className="sc-AxjAm hQvQLG"
          />
        </div>
        <div
          className="sc-AxheI fwUCIC"
        >
          <div
            className="sc-AxjAm hQvQLG"
          />
        </div>
        <div
          className="sc-AxheI fwUCIC"
        >
          <div
            className="sc-AxjAm hQvQLG"
          />
        </div>
        <div
          className="sc-AxheI fwUCIC"
        >
          <div
            className="sc-AxjAm hQvQLG"
          />
        </div>
        <div
          className="sc-AxheI fwUCIC"
        >
          <div
            className="sc-AxjAm hQvQLG"
          />
        </div>
        <div
          className="sc-AxheI fwUCIC"
        >
          <div
            className="sc-AxjAm hQvQLG"
          />
        </div>
        <div
          className="sc-AxheI fwUCIC"
        >
          <div
            className="sc-AxjAm hQvQLG"
          />
        </div>
        <div
          className="sc-AxheI fwUCIC"
        >
          <div
            className="sc-AxjAm hQvQLG"
          />
        </div>
        <div
          className="sc-AxheI fwUCIC"
        >
          <div
            className="sc-AxjAm hQvQLG"
          />
        </div>
        <div
          className="sc-AxheI fwUCIC"
        >
          <div
            className="sc-AxjAm hQvQLG"
          />
        </div>
        <div
          className="sc-AxheI fwUCIC"
        >
          <div
            className="sc-AxjAm hQvQLG"
          />
        </div>
        <div
          className="sc-AxheI fwUCIC"
        >
          <div
            className="sc-AxjAm hQvQLG"
          />
        </div>
        <div
          className="sc-AxheI fwUCIC"
        >
          <div
            className="sc-AxjAm hQvQLG"
          />
        </div>
        <div
          className="sc-AxheI fwUCIC"
        >
          <div
            className="sc-AxjAm hQvQLG"
          />
        </div>
        <div
          className="sc-AxheI fwUCIC"
        >
          <div
            className="sc-AxjAm hQvQLG"
          />
        </div>
        <div
          className="sc-AxheI fwUCIC"
        >
          <div
            className="sc-AxjAm hQvQLG"
          />
        </div>
        <div
          className="sc-AxheI fwUCIC"
        >
          <div
            className="sc-AxjAm hQvQLG"
          />
        </div>
        <div
          className="sc-AxheI fwUCIC"
        >
          <div
            className="sc-AxjAm hQvQLG"
          />
        </div>
        <div
          className="sc-AxheI fwUCIC"
        >
          <div
            className="sc-AxjAm hQvQLG"
          />
        </div>
        <div
          className="sc-AxheI fwUCIC"
        >
          <div
            className="sc-AxjAm hQvQLG"
          />
        </div>
        <div
          className="sc-AxheI fwUCIC"
        >
          <div
            className="sc-AxjAm hQvQLG"
          />
        </div>
        <div
          className="sc-AxheI fwUCIC"
        >
          <div
            className="sc-AxjAm hQvQLG"
          />
        </div>
        <div
          className="sc-AxheI fwUCIC"
        >
          <div
            className="sc-AxjAm hQvQLG"
          />
        </div>
        <div
          className="sc-AxheI fwUCIC"
        >
          <div
            className="sc-AxjAm hQvQLG"
          />
        </div>
        <div
          className="sc-AxheI fwUCIC"
        >
          <div
            className="sc-AxjAm hQvQLG"
          />
        </div>
        <div
          className="sc-AxheI fwUCIC"
        >
          <div
            className="sc-AxjAm hQvQLG"
          />
        </div>
        <div
          className="sc-AxheI fwUCIC"
        >
          <div
            className="sc-AxjAm hQvQLG"
          />
        </div>
        <div
          className="sc-AxheI fwUCIC"
        >
          <div
            className="sc-AxjAm hQvQLG"
          />
        </div>
        <div
          className="sc-AxheI fwUCIC"
        >
          <div
            className="sc-AxjAm hQvQLG"
          />
        </div>
        <div
          className="sc-AxheI fwUCIC"
        >
          <div
            className="sc-AxjAm hQvQLG"
          />
        </div>
        <div
          className="sc-AxheI fwUCIC"
        >
          <div
            className="sc-AxjAm hQvQLG"
          />
        </div>
        <div
          className="sc-AxheI fwUCIC"
        >
          <div
            className="sc-AxjAm hQvQLG"
          />
        </div>
        <div
          className="sc-AxheI fwUCIC"
        >
          <div
            className="sc-AxjAm hQvQLG"
          />
        </div>
        <div
          className="sc-AxheI fwUCIC"
        >
          <div
            className="sc-AxjAm hQvQLG"
          />
        </div>
        <div
          className="sc-AxheI fwUCIC"
        >
          <div
            className="sc-AxjAm hQvQLG"
          />
        </div>
        <div
          className="sc-AxheI fwUCIC"
        >
          <div
            className="sc-AxjAm hQvQLG"
          />
        </div>
        <div
          className="sc-AxheI fwUCIC"
        >
          <div
            className="sc-AxjAm hQvQLG"
          />
        </div>
        <div
          className="sc-AxheI fwUCIC"
        >
          <div
            className="sc-AxjAm hQvQLG"
          />
        </div>
        <div
          className="sc-AxheI fwUCIC"
        >
          <div
            className="sc-AxjAm hQvQLG"
          />
        </div>
        <div
          className="sc-AxheI fwUCIC"
        >
          <div
            className="sc-AxjAm hQvQLG"
          />
        </div>
        <div
          className="sc-AxheI fwUCIC"
        >
          <div
            className="sc-AxjAm hQvQLG"
          />
        </div>
        <div
          className="sc-AxheI fwUCIC"
        >
          <div
            className="sc-AxjAm hQvQLG"
          />
        </div>
        <div
          className="sc-AxheI fwUCIC"
        >
          <div
            className="sc-AxjAm hQvQLG"
          />
        </div>
        <div
          className="sc-AxheI fwUCIC"
        >
          <div
            className="sc-AxjAm hQvQLG"
          />
        </div>
        <div
          className="sc-AxheI fwUCIC"
        >
          <div
            className="sc-AxjAm hQvQLG"
          />
        </div>
        <div
          className="sc-AxheI fwUCIC"
        >
          <div
            className="sc-AxjAm hQvQLG"
          />
        </div>
        <div
          className="sc-AxheI fwUCIC"
        >
          <div
            className="sc-AxjAm hQvQLG"
          />
        </div>
        <div
          className="sc-AxheI fwUCIC"
        >
          <div
            className="sc-AxjAm hQvQLG"
          />
        </div>
        <div
          className="sc-AxheI fwUCIC"
        >
          <div
            className="sc-AxjAm hQvQLG"
          />
        </div>
        <div
          className="sc-AxheI fwUCIC"
        >
          <div
            className="sc-AxjAm hQvQLG"
          />
        </div>
        <div
          className="sc-AxheI fwUCIC"
        >
          <div
            className="sc-AxjAm hQvQLG"
          />
        </div>
        <div
          className="sc-AxheI fwUCIC"
        >
          <div
            className="sc-AxjAm hQvQLG"
          />
        </div>
        <div
          className="sc-AxheI fwUCIC"
        >
          <div
            className="sc-AxjAm hQvQLG"
          />
        </div>
        <div
          className="sc-AxheI fwUCIC"
        >
          <div
            className="sc-AxjAm hQvQLG"
          />
        </div>
        <div
          className="sc-AxheI fwUCIC"
        >
          <div
            className="sc-AxjAm hQvQLG"
          />
        </div>
        <div
          className="sc-AxheI fwUCIC"
        >
          <div
            className="sc-AxjAm hQvQLG"
          />
        </div>
        <div
          className="sc-AxheI fwUCIC"
        >
          <div
            className="sc-AxjAm hQvQLG"
          />
        </div>
        <div
          className="sc-AxheI fwUCIC"
        >
          <div
            className="sc-AxjAm hQvQLG"
          />
        </div>
        <div
          className="sc-AxheI fwUCIC"
        >
          <div
            className="sc-AxjAm hQvQLG"
          />
        </div>
        <div
          className="sc-AxheI fwUCIC"
        >
          <div
            className="sc-AxjAm hQvQLG"
          />
        </div>
        <div
          className="sc-AxheI fwUCIC"
        >
          <div
            className="sc-AxjAm hQvQLG"
          />
        </div>
        <div
          className="sc-AxheI fwUCIC"
        >
          <div
            className="sc-AxjAm hQvQLG"
          />
        </div>
        <div
          className="sc-AxheI fwUCIC"
        >
          <div
            className="sc-AxjAm hQvQLG"
          />
        </div>
        <div
          className="sc-AxheI fwUCIC"
        >
          <div
            className="sc-AxjAm hQvQLG"
          />
        </div>
        <div
          className="sc-AxheI fwUCIC"
        >
          <div
            className="sc-AxjAm hQvQLG"
          />
        </div>
        <div
          className="sc-AxheI fwUCIC"
        >
          <div
            className="sc-AxjAm hQvQLG"
          />
        </div>
        <div
          className="sc-AxheI fwUCIC"
        >
          <div
            className="sc-AxjAm hQvQLG"
          />
        </div>
        <div
          className="sc-AxheI fwUCIC"
        >
          <div
            className="sc-AxjAm hQvQLG"
          />
        </div>
        <div
          className="sc-AxheI fwUCIC"
        >
          <div
            className="sc-AxjAm hQvQLG"
          />
        </div>
        <div
          className="sc-AxheI fwUCIC"
        >
          <div
            className="sc-AxjAm hQvQLG"
          />
        </div>
        <div
          className="sc-AxheI fwUCIC"
        >
          <div
            className="sc-AxjAm hQvQLG"
          />
        </div>
        <div
          className="sc-AxheI fwUCIC"
        >
          <div
            className="sc-AxjAm hQvQLG"
          />
        </div>
        <div
          className="sc-AxheI fwUCIC"
        >
          <div
            className="sc-AxjAm hQvQLG"
          />
        </div>
        <div
          className="sc-AxheI fwUCIC"
        >
          <div
            className="sc-AxjAm hQvQLG"
          />
        </div>
        <div
          className="sc-AxheI fwUCIC"
        >
          <div
            className="sc-AxjAm hQvQLG"
          />
        </div>
        <div
          className="sc-AxheI fwUCIC"
        >
          <div
            className="sc-AxjAm hQvQLG"
          />
        </div>
        <div
          className="sc-AxheI fwUCIC"
        >
          <div
            className="sc-AxjAm hQvQLG"
          />
        </div>
        <div
          className="sc-AxheI fwUCIC"
        >
          <div
            className="sc-AxjAm hQvQLG"
          />
        </div>
        <div
          className="sc-AxheI fwUCIC"
        >
          <div
            className="sc-AxjAm hQvQLG"
          />
        </div>
        <div
          className="sc-AxheI fwUCIC"
        >
          <div
            className="sc-AxjAm hQvQLG"
          />
        </div>
        <div
          className="sc-AxheI fwUCIC"
        >
          <div
            className="sc-AxjAm hQvQLG"
          />
        </div>
        <div
          className="sc-AxheI fwUCIC"
        >
          <div
            className="sc-AxjAm hQvQLG"
          />
        </div>
        <div
          className="sc-AxheI fwUCIC"
        >
          <div
            className="sc-AxjAm hQvQLG"
          />
        </div>
        <div
          className="sc-AxheI fwUCIC"
        >
          <div
            className="sc-AxjAm hQvQLG"
          />
        </div>
        <div
          className="sc-AxheI fwUCIC"
        >
          <div
            className="sc-AxjAm hQvQLG"
          />
        </div>
        <div
          className="sc-AxheI fwUCIC"
        >
          <div
            className="sc-AxjAm hQvQLG"
          />
        </div>
        <div
          className="sc-AxheI fwUCIC"
        >
          <div
            className="sc-AxjAm hQvQLG"
          />
        </div>
        <div
          className="sc-AxheI fwUCIC"
        >
          <div
            className="sc-AxjAm hQvQLG"
          />
        </div>
        <div
          className="sc-AxheI fwUCIC"
        >
          <div
            className="sc-AxjAm hQvQLG"
          />
        </div>
        <div
          className="sc-AxheI fwUCIC"
        >
          <div
            className="sc-AxjAm hQvQLG"
          />
        </div>
        <div
          className="sc-AxheI fwUCIC"
        >
          <div
            className="sc-AxjAm hQvQLG"
          />
        </div>
        <div
          className="sc-AxheI fwUCIC"
        >
          <div
            className="sc-AxjAm hQvQLG"
          />
        </div>
        <div
          className="sc-AxheI fwUCIC"
        >
          <div
            className="sc-AxjAm hQvQLG"
          />
        </div>
        <div
          className="sc-AxheI fwUCIC"
        >
          <div
            className="sc-AxjAm hQvQLG"
          />
        </div>
        <div
          className="sc-AxheI fwUCIC"
        >
          <div
            className="sc-AxjAm hQvQLG"
          />
        </div>
        <div
          className="sc-AxheI fwUCIC"
        >
          <div
            className="sc-AxjAm hQvQLG"
          />
        </div>
        <div
          className="sc-AxheI fwUCIC"
        >
          <div
            className="sc-AxjAm hQvQLG"
          />
        </div>
        <div
          className="sc-AxheI fwUCIC"
        >
          <div
            className="sc-AxjAm hQvQLG"
          />
        </div>
        <div
          className="sc-AxheI fwUCIC"
        >
          <div
            className="sc-AxjAm hQvQLG"
          />
        </div>
        <div
          className="sc-AxheI fwUCIC"
        >
          <div
            className="sc-AxjAm hQvQLG"
          />
        </div>
        <div
          className="sc-AxheI fwUCIC"
        >
          <div
            className="sc-AxjAm hQvQLG"
          />
        </div>
        <div
          className="sc-AxheI fwUCIC"
        >
          <div
            className="sc-AxjAm hQvQLG"
          />
        </div>
        <div
          className="sc-AxheI fwUCIC"
        >
          <div
            className="sc-AxjAm hQvQLG"
          />
        </div>
        <div
          className="sc-AxheI fwUCIC"
        >
          <div
            className="sc-AxjAm hQvQLG"
          />
        </div>
        <div
          className="sc-AxheI fwUCIC"
        >
          <div
            className="sc-AxjAm hQvQLG"
          />
        </div>
        <div
          className="sc-AxheI fwUCIC"
        >
          <div
            className="sc-AxjAm hQvQLG"
          />
        </div>
        <div
          className="sc-AxheI fwUCIC"
        >
          <div
            className="sc-AxjAm hQvQLG"
          />
        </div>
        <div
          className="sc-AxheI fwUCIC"
        >
          <div
            className="sc-AxjAm hQvQLG"
          />
        </div>
        <div
          className="sc-AxheI fwUCIC"
        >
          <div
            className="sc-AxjAm hQvQLG"
          />
        </div>
      </div>
    </div>
  </div>
  <div
    className="sc-fznJRM fzFSIN"
  >
    <div
      className="sc-fzpans enrRGx"
    >
      <div
        className="sc-fzozJi gOGhpI"
      >
        <div
          className="sc-fzoLsD fqEnxe"
        />
        <div
          className="sc-AxheI fUKIku"
        >
          <div
            className="sc-AxjAm hFFVxV"
          >
            <div
              className="sc-AxirZ cTgbdZ"
            />
            <div
              className="sc-AxiKw dglFec"
            />
            <div
              className="sc-AxhCb hRLSKp"
            />
            <div
              className="sc-AxhUy gUafog"
            />
            <div
              className="sc-AxgMl jUBJBs"
            />
          </div>
        </div>
        <div
          className="sc-fzoLsD fqEnxe"
        />
        <div
          className="sc-fzoLsD fqEnxe"
        />
        <div
          className="sc-fzoLsD fqEnxe"
        />
        <div
          className="sc-AxheI fUKIku"
        >
          <div
            className="sc-AxjAm hFFVxV"
          >
            <div
              className="sc-AxirZ cTgbdZ"
            />
            <div
              className="sc-AxiKw dglFec"
            />
            <div
              className="sc-AxhCb hRLSKp"
            />
            <div
              className="sc-AxhUy gUafog"
            />
            <div
              className="sc-AxgMl jUBJBs"
            />
          </div>
        </div>
        <div
          className="sc-fzoLsD fqEnxe"
        />
        <div
          className="sc-fzoLsD fqEnxe"
        />
        <div
          className="sc-AxheI fUKIku"
        >
          <div
            className="sc-AxjAm hFFVxV"
          >
            <div
              className="sc-AxirZ cTgbdZ"
            />
            <div
              className="sc-AxiKw dglFec"
            />
            <div
              className="sc-AxhCb hRLSKp"
            />
            <div
              className="sc-AxhUy gUafog"
            />
            <div
              className="sc-AxgMl jUBJBs"
            />
          </div>
        </div>
        <div
          className="sc-AxheI fUKIku"
        >
          <div
            className="sc-AxjAm hFFVxV"
          >
            <div
              className="sc-AxirZ cTgbdZ"
            />
            <div
              className="sc-AxiKw dglFec"
            />
            <div
              className="sc-AxhCb hRLSKp"
            />
            <div
              className="sc-AxhUy gUafog"
            />
            <div
              className="sc-AxgMl jUBJBs"
            />
          </div>
        </div>
        <div
          className="sc-fzoLsD fqEnxe"
        />
        <div
          className="sc-fzoLsD fqEnxe"
        />
        <div
          className="sc-fzoLsD fqEnxe"
        />
        <div
          className="sc-fzoLsD fqEnxe"
        />
        <div
          className="sc-fzoLsD fqEnxe"
        />
        <div
          className="sc-fzoLsD fqEnxe"
        />
      </div>
    </div>
    <div
      className="sc-fzplWN jHAIBM"
    >
      <div
        className="sc-fznyAO cFYtJx"
      >
        <div
          className="sc-fznKkj cFUJKw"
        >
          Score
        </div>
        <div
          className="sc-fznKkj cFUJKw"
        >
          0
        </div>
      </div>
      <div
        className="sc-fznZeY hkPqns"
      />
      <div
        className="sc-fznyAO cFYtJx"
      >
        <div
          className="sc-fznKkj cFUJKw"
        >
          Level
        </div>
        <div
          className="sc-fznKkj cFUJKw"
        >
          1
        </div>
      </div>
      <div
        className="sc-fznZeY hkPqns"
      />
      <div
        className="sc-fznyAO cFYtJx"
      >
        <div
          className="sc-fznKkj cFUJKw"
        >
          Lines
        </div>
        <div
          className="sc-fznKkj cFUJKw"
        >
          0
        </div>
      </div>
    </div>
    <div
      className="sc-fzpjYC huiApa"
    >
      <div
        className="sc-fzoXzr kxYKKJ"
      >
        <div
          className="sc-fzqNJr fzDvtI"
          onClick={[Function]}
        >
          <div
            className="sc-fzoyAV fufDOP"
          >
            <div
              className="sc-fzoLag hQBNqn"
            >
              <svg
                aria-hidden="true"
                className="sc-fzqBZW dIryWw"
                fill="currentColor"
                focusable="false"
                viewBox="0 0 24 24"
                xmlns="http://www.w3.org/2000/svg"
              >
                <path
                  d="M15.41 16.59L10.83 12l4.58-4.59L14 6l-6 6 6 6 1.41-1.41z"
                />
                <path
                  d="M0 0h24v24H0V0z"
                  fill="none"
                />
              </svg>
            </div>
          </div>
        </div>
      </div>
      <div
        className="sc-fzoXzr kxYKKJ"
      >
        <div
          className="sc-fzqNJr fzDvtI"
          onClick={[Function]}
        >
          <div
            className="sc-fzoyAV fufDOP"
          >
            <div
              className="sc-fzoLag hQBNqn"
            >
              <svg
                aria-hidden="true"
                className="sc-fzqBZW dIryWw"
                fill="currentColor"
                focusable="false"
                viewBox="0 0 24 24"
                xmlns="http://www.w3.org/2000/svg"
              >
                <path
                  d="M0 0h24v24H0z"
                  fill="none"
                />
                <path
                  d="M15.55 5.55L11 1v3.07C7.06 4.56 4 7.92 4 12s3.05 7.44 7 7.93v-2.02c-2.84-.48-5-2.94-5-5.91s2.16-5.43 5-5.91V10l4.55-4.45zM19.93 11a7.906 7.906 0 00-1.62-3.89l-1.42 1.42c.54.75.88 1.6 1.02 2.47h2.02zM13 17.9v2.02c1.39-.17 2.74-.71 3.9-1.61l-1.44-1.44c-.75.54-1.59.89-2.46 1.03zm3.89-2.42l1.42 1.41c.9-1.16 1.45-2.5 1.62-3.89h-2.02c-.14.87-.48 1.72-1.02 2.48z"
                />
              </svg>
            </div>
          </div>
        </div>
      </div>
      <div
        className="sc-fzoXzr kxYKKJ"
      >
        <div
          className="sc-fzqNJr fzDvtI"
          onClick={[Function]}
        >
          <div
            className="sc-fzoyAV fufDOP"
          >
            <div
              className="sc-fzoLag hQBNqn"
            >
              <svg
                aria-hidden="true"
                className="sc-fzqBZW dIryWw"
                fill="currentColor"
                focusable="false"
                viewBox="0 0 24 24"
                xmlns="http://www.w3.org/2000/svg"
              >
                <path
                  d="M7.41 8.59L12 13.17l4.59-4.58L18 10l-6 6-6-6 1.41-1.41z"
                />
                <path
                  d="M0 0h24v24H0V0z"
                  fill="none"
                />
              </svg>
            </div>
          </div>
        </div>
      </div>
      <div
        className="sc-fzoXzr kxYKKJ"
      >
        <div
          className="sc-fzqNJr fzDvtI"
          onClick={[Function]}
        >
          <div
            className="sc-fzoyAV fufDOP"
          >
            <div
              className="sc-fzoLag hQBNqn"
            >
              <svg
                aria-hidden="true"
                className="sc-fzqBZW dIryWw"
                fill="currentColor"
                focusable="false"
                viewBox="0 0 24 24"
                xmlns="http://www.w3.org/2000/svg"
              >
                <path
                  d="M8.59 16.59L13.17 12 8.59 7.41 10 6l6 6-6 6-1.41-1.41z"
                />
                <path
                  d="M0 0h24v24H0V0z"
                  fill="none"
                />
              </svg>
            </div>
          </div>
        </div>
      </div>
    </div>
  </div>
</div>
`;
