// Jest Snapshot v1, https://goo.gl/fbAQLP

exports[`ScreenOver should render correctly 1`] = `
<div
  className="sc-fzoyAV eHPTjQ"
  data-test="screen-over"
>
  <div
    className="sc-fzqNJr jfvDQh"
  >
    <div
      className="sc-fznZeY jwTyjE"
    >
      <div
        className="sc-fzokOt ezsXz"
      >
        Score
      </div>
      <div
        className="sc-fzokOt ezsXz"
      >
        0
      </div>
    </div>
    <div
      className="sc-fznZeY jwTyjE"
    >
      <div
        className="sc-fzokOt ezsXz"
      >
        Level
      </div>
      <div
        className="sc-fzokOt ezsXz"
      >
        1
      </div>
    </div>
  </div>
  <div
    className="sc-fzoLag xoqVe"
  >
    <button
      className="sc-AxjAm bJRPJO"
      data-test="button"
      onClick={[Function]}
    >
      <div
        className="sc-AxirZ kCiwbh"
      >
        Play again!
      </div>
    </button>
  </div>
</div>
`;
