// Jest Snapshot v1, https://goo.gl/fbAQLP

exports[`ScreenOver should render correctly 1`] = `
<div
  className="sc-fzoyAV eHPTjQ"
>
  <div
    className="sc-fzqNJr dBMSRv"
  >
    <div
      className="sc-fznZeY emNvvx"
    >
      <div
        className="sc-fzokOt ezsXz"
      >
        Score
      </div>
      <div
        className="sc-fzokOt ezsXz"
      >
        0
      </div>
    </div>
    <div
      className="sc-fznZeY emNvvx"
    >
      <div
        className="sc-fzokOt ezsXz"
      >
        Level
      </div>
      <div
        className="sc-fzokOt ezsXz"
      >
        1
      </div>
    </div>
  </div>
  <div
    className="sc-fzoLag oRztq"
  >
    <button
      className="sc-AxjAm gORXxf"
      onClick={[Function]}
    >
      <div
        className="sc-AxirZ kCiwbh"
      >
        Play again!
      </div>
    </button>
  </div>
</div>
`;
