// Jest Snapshot v1, https://goo.gl/fbAQLP

exports[`should render ScreenTransaction 1`] = `
<div
  className="sc-AxheI fUKIku"
>
  <div
    className="sc-AxjAm hTpnSM"
    data-test-column={0}
    data-test-row={0}
    data-test-variant="I"
  >
    <div
      className="sc-AxirZ cTgbdZ"
    />
    <div
      className="sc-AxiKw dglFec"
    />
    <div
      className="sc-AxhCb hRLSKp"
    />
    <div
      className="sc-AxhUy gUafog"
    />
    <div
      className="sc-AxgMl jUBJBs"
    />
  </div>
</div>
`;

exports[`should render ScreenTransaction NoTetro 1`] = `
<div
  className="sc-AxheI fwUCIC"
>
  <div
    className="sc-AxjAm hQvQLG"
    data-test-column={0}
    data-test-row={0}
    data-test-variant={0}
  />
</div>
`;
